Microchip MPLAB XC8 Compiler V2.36

Linker command line:

-W-3 --edf=C:\Program Files\Microchip\xc8\v2.36\pic\dat\en_msgs.txt -cn \
  -h+dist/default/production\MPLAB-Incubator.X.production.sym \
  --cmf=dist/default/production\MPLAB-Incubator.X.production.cmf -z \
  -Q18F4550 -oC:\Users\Darwi\AppData\Local\Temp\xcAslhs.5 \
  --defsym=__MPLAB_BUILD=1 \
  -Mdist/default/production/MPLAB-Incubator.X.production.map \
  --md=C:\Users\Darwi\AppData\Local\Temp\xcBslhs.dat -E1 -ver=XC8 Compiler \
  --acfsm=1493 -ACODE=00h-07FFFh -ACONST=00h-07FFFh \
  -ASMALLCONST=0800h-08FFhx120 -AMEDIUMCONST=0800h-07FFFh -ACOMRAM=01h-05Fh \
  -AABS1=00h-07FFh -ABIGRAM=01h-07FFh -ARAM=060h-0FFh,0100h-01FFhx7 \
  -ABANK0=060h-0FFh -ABANK1=0100h-01FFh -ABANK2=0200h-02FFh \
  -ABANK3=0300h-03FFh -ABANK4=0400h-04FFh -ABANK5=0500h-05FFh \
  -ABANK6=0600h-06FFh -ABANK7=0700h-07FFh -ASFR=0F60h-0FFFh \
  -ABIGSFR=0F60h-0FFFh -ACONFIG=0300000h-030000Dh -AIDLOC=0200000h-0200007h \
  -AEEDATA=0F00000h-0F000FFh -peeprom_data=EEDATA \
  -preset_vec=00h,intcode,intcodelo=018h,powerup,init -pramtop=0800h \
  -psmallconst=SMALLCONST -pmediumconst=MEDIUMCONST -pconst=CONST \
  -AFARRAM=00h-00h \
  -prdata=COMRAM,nvrram=COMRAM,nvbit=COMRAM,rbss=COMRAM,rbit=COMRAM \
  -pfarbss=FARRAM,fardata=FARRAM,nvFARRAM=FARRAM \
  -pintsave_regs=BIGRAM,bigbss=BIGRAM,bigdata=BIGRAM -pbss=RAM \
  -pidata=CODE,irdata=CODE,ibigdata=CODE,ifardata=CODE -prparam=COMRAM \
  C:\Users\Darwi\AppData\Local\Temp\xcAslhs.o \
  dist/default/production\MPLAB-Incubator.X.production.o 

Object code version is 3.11

Machine type is 18F4550



                Name                               Link     Load   Length Selector   Space Scale
C:\Users\Darwi\AppData\Local\Temp\xcAslhs.o
                idloc                            200000   200000        8        0       5
                config                           300000   300000        E        0       4
                init                                 D4       D4        4        C       0
                reset_vec                             0        0        4        0       0
dist/default/production\MPLAB-Incubator.X.production.o
                intcodelo                            18       18       BC        C       0
                idloc                            200000   200000        8        0       5
                config                           300000   300000        E        0       4
                temp                                 5F       5F        1        1       1
                smallconst                          800      800       98      400       0
                text67                             2D74     2D74       7E      44C       0
                text66                             11B2     11B2      39A      44C       0
                text65                              D88      D88      42A      44C       0
                text64                             2094     2094      106      44C       0
                text63                             1956     1956      1B4      44C       0
                text62                             361A     361A        A     1A26       0
                text61                             331C     331C       46      44C       0
                text60                             3610     3610        A     1A26       0
                text59                             30FE     30FE       56      44C       0
                text58                             2CF6     2CF6       7E      44C       0
                text57                             2B54     2B54       98      44C       0
                text56                             2F8E     2F8E       5E      44C       0
                text55                             3544     3544       22     1A26       0
                text54                             34D4     34D4       2A     1A26       0
                text53                             237E     237E       F0      44C       0
                text52                             2626     2626       D0      44C       0
                text51                             3626     3626        2     1A26       0
                text50                             288C     288C       CA      44C       0
                text49                             3362     3362       44      44C       0
                text48                             33E0     33E0       36      44C       0
                text47                             2956     2956       C6      44C       0
                text46                             1752     1752      204      44C       0
                text45                             1CA0     1CA0      192      44C       0
                text44                             2ECC     2ECC       62      44C       0
                text43                             31A6     31A6       52      44C       0
                text42                             1E32     1E32      13C      44C       0
                text41                             1F6E     1F6E      126      44C       0
                text39                             3606     3606        A     1A26       0
                text38                             35FC     35FC        A     1A26       0
                text37                             2ABC     2ABC       98      44C       0
                text36                             347C     347C       2E     1A26       0
                text35                             34AA     34AA       2A     1A26       0
                text34                             228C     228C       F2      44C       0
                text33                             35DC     35DC        C     1A26       0
                text32                             35CA     35CA       12     1A26       0
                text31                             35B8     35B8       12     1A26       0
                text30                             35F2     35F2        A     1A26       0
                text29                             32D6     32D6       46      44C       0
                text28                             35E8     35E8        A     1A26       0
                text27                             2DF2     2DF2       78      44C       0
                text26                             3048     3048       5C      44C       0
                text25                             2BEC     2BEC       8A      44C       0
                text24                             3566     3566       1E     1A26       0
                text23                             344C     344C       30     1A26       0
                text22                             2C76     2C76       80      44C       0
                text21                             2A1C     2A1C       A0      44C       0
                text20                             2F2E     2F2E       60      44C       0
                text19                             3522     3522       22     1A26       0
                text18                             3244     3244       4A      44C       0
                text17                             219A     219A       F2      44C       0
                text16                             2554     2554       D2      44C       0
                text15                             3624     3624        2     1A26       0
                text14                             26F6     26F6       CC      44C       0
                text13                             328E     328E       48      44C       0
                text12                             33A6     33A6       3A      44C       0
                text11                             27C2     27C2       CA      44C       0
                text10                             154C     154C      206      44C       0
                text9                              1B0A     1B0A      196      44C       0
                text8                              2E6A     2E6A       62      44C       0
                text7                              3154     3154       52      44C       0
                text6                               898      898      4F0      44C       0
                text5                              30A4     30A4       5A      44C       0
                text4                              359E     359E       1A     1A26       0
                text3                              3584     3584       1A     1A26       0
                text2                              34FE     34FE       24     1A26       0
                text1                              31F8     31F8       4C      44C       0
                text0                              246E     246E       E6      44C       0
                cstackCOMRAM                          1        1       5C        1       1
                cstackBANK0                          60       60       6D       60       1
                cstackBANK1                         17F      17F       20      100       1
                dataBANK1                           14A      14A       35      100       1
                bssBANK1                            100      100       4A      100       1
                dataBANK0                            E2       E2        1       60       1
                bssBANK0                             CD       CD       15       60       1
                bssCOMRAM                            5D       5D        2        1       1
                cinit                              2FEC     2FEC       5C      44C       0
                idataBANK1                         3416     3416       35      44C       0
                idataBANK0                         3628     3628        1     1A26       0

TOTAL           Name                               Link     Load   Length     Space
        CLASS   CODE           
                intcodelo                            18       18       BC         0
                init                                 D4       D4        4         0
                reset_vec                             0        0        4         0
                text67                             2D74     2D74       7E         0
                text66                             11B2     11B2      39A         0
                text65                              D88      D88      42A         0
                text64                             2094     2094      106         0
                text63                             1956     1956      1B4         0
                text62                             361A     361A        A         0
                text61                             331C     331C       46         0
                text60                             3610     3610        A         0
                text59                             30FE     30FE       56         0
                text58                             2CF6     2CF6       7E         0
                text57                             2B54     2B54       98         0
                text56                             2F8E     2F8E       5E         0
                text55                             3544     3544       22         0
                text54                             34D4     34D4       2A         0
                text53                             237E     237E       F0         0
                text52                             2626     2626       D0         0
                text51                             3626     3626        2         0
                text50                             288C     288C       CA         0
                text49                             3362     3362       44         0
                text48                             33E0     33E0       36         0
                text47                             2956     2956       C6         0
                text46                             1752     1752      204         0
                text45                             1CA0     1CA0      192         0
                text44                             2ECC     2ECC       62         0
                text43                             31A6     31A6       52         0
                text42                             1E32     1E32      13C         0
                text41                             1F6E     1F6E      126         0
                text39                             3606     3606        A         0
                text38                             35FC     35FC        A         0
                text37                             2ABC     2ABC       98         0
                text36                             347C     347C       2E         0
                text35                             34AA     34AA       2A         0
                text34                             228C     228C       F2         0
                text33                             35DC     35DC        C         0
                text32                             35CA     35CA       12         0
                text31                             35B8     35B8       12         0
                text30                             35F2     35F2        A         0
                text29                             32D6     32D6       46         0
                text28                             35E8     35E8        A         0
                text27                             2DF2     2DF2       78         0
                text26                             3048     3048       5C         0
                text25                             2BEC     2BEC       8A         0
                text24                             3566     3566       1E         0
                text23                             344C     344C       30         0
                text22                             2C76     2C76       80         0
                text21                             2A1C     2A1C       A0         0
                text20                             2F2E     2F2E       60         0
                text19                             3522     3522       22         0
                text18                             3244     3244       4A         0
                text17                             219A     219A       F2         0
                text16                             2554     2554       D2         0
                text15                             3624     3624        2         0
                text14                             26F6     26F6       CC         0
                text13                             328E     328E       48         0
                text12                             33A6     33A6       3A         0
                text11                             27C2     27C2       CA         0
                text10                             154C     154C      206         0
                text9                              1B0A     1B0A      196         0
                text8                              2E6A     2E6A       62         0
                text7                              3154     3154       52         0
                text6                               898      898      4F0         0
                text5                              30A4     30A4       5A         0
                text4                              359E     359E       1A         0
                text3                              3584     3584       1A         0
                text2                              34FE     34FE       24         0
                text1                              31F8     31F8       4C         0
                text0                              246E     246E       E6         0
                cinit                              2FEC     2FEC       5C         0
                idataBANK1                         3416     3416       35         0
                idataBANK0                         3628     3628        1         0

        CLASS   CONST          

        CLASS   SMALLCONST     
                smallconst                          800      800       98         0

        CLASS   MEDIUMCONST    

        CLASS   COMRAM         
                temp                                 5F       5F        1         1
                cstackCOMRAM                          1        1       5C         1
                bssCOMRAM                            5D       5D        2         1

        CLASS   ABS1           

        CLASS   BIGRAM         

        CLASS   RAM            

        CLASS   BANK0          
                cstackBANK0                          60       60       6D         1
                dataBANK0                            E2       E2        1         1
                bssBANK0                             CD       CD       15         1

        CLASS   BANK1          
                cstackBANK1                         17F      17F       20         1
                dataBANK1                           14A      14A       35         1
                bssBANK1                            100      100       4A         1

        CLASS   BANK2          

        CLASS   BANK3          

        CLASS   BANK4          

        CLASS   BANK5          

        CLASS   BANK6          

        CLASS   BANK7          

        CLASS   SFR            

        CLASS   BIGSFR         

        CLASS   CONFIG         
                config                           300000   300000        E         4

        CLASS   IDLOC          
                idloc                            200000   200000        8         5

        CLASS   EEDATA         

        CLASS   FARRAM         

        CLASS   HEAP           

        CLASS   STACK          



SEGMENTS        Name                           Load    Length   Top    Selector   Space  Class

                reset_vec                      000000  000004  000004         0       0  CODE    
                cstackCOMRAM                   000001  00005F  000060         1       1  COMRAM  
                intcodelo                      000018  0000C0  0000D8         C       0  CODE    
                cstackBANK0                    000060  000083  0000E3        60       1  BANK0   
                bssBANK1                       000100  00009F  00019F       100       1  BANK1   
                smallconst                     000800  000098  000898       400       0  SMALLCON
                text6                          000898  002BB3  00344B       44C       0  CODE    
                text23                         00344C  0001DD  003629      1A26       0  CODE    


UNUSED ADDRESS RANGES

        Name                Unused          Largest block    Delta
        BANK0            0000E3-0000FF               1D
        BANK1            00019F-0001FF               61
        BANK2            000200-0002FF              100
        BANK3            000300-0003FF              100
        BANK4            000400-0004FF              100
        BANK5            000500-0005FF              100
        BANK6            000600-0006FF              100
        BANK7            000700-0007FF              100
        BIGRAM           0000E3-0000FF               1D
                         00019F-0007FF              661
        BIGSFR           000F60-000FFF               A0
        CODE             000004-000017               14
                         0000D8-0007FF              728
                         00344B-00344B                1
                         003629-007FFF             49D7
        CONST            000004-000017               14
                         0000D8-0007FF              728
                         00344B-00344B                1
                         003629-007FFF             49D7
        EEDATA           F00000-F000FF              100
        MEDIUMCONST      00344B-00344B                1
                         003629-007FFF             49D7
        RAM              0000E3-0000FF               1D
                         00019F-0007FF              100
        SFR              000F60-000FFF               A0
        SMALLCONST       00344B-00344B                1
                         003629-007FFF              100

                                  Symbol Table

?___fldiv                            cstackCOMRAM 00002A
?___flmul                            cstackCOMRAM 000011
?___fltol                            cstackCOMRAM 000043
?___lodiv                            cstackBANK0  00007C
?___lomod                            cstackBANK0  00007C
?___xxtofl                           cstackCOMRAM 000003
?_pad                                cstackBANK0  00008C
?_sprintf                            cstackBANK1  000185
?_strlen                             cstackBANK0  00007C
?_utoa                               cstackBANK0  000097
?_vfpfcnvrt                          cstackBANK0  0000B7
?_vfprintf                           cstackBANK1  00017F
?i1___lodiv                          cstackCOMRAM 000001
?i1___lomod                          cstackCOMRAM 000001
?i1_pad                              cstackCOMRAM 000011
?i1_sprintf                          cstackCOMRAM 000056
?i1_strlen                           cstackCOMRAM 000001
?i1_utoa                             cstackCOMRAM 00001C
?i1_vfpfcnvrt                        cstackCOMRAM 00003C
?i1_vfprintf                         cstackCOMRAM 00004E
LCDStart@prmLCDtype                  cstackBANK0  000080
LCDWrite@prmBuffer                   cstackBANK0  000087
LCDWrite@prmColumna                  cstackBANK0  000085
LCDWrite@prmFila                     cstackBANK0  000083
LCDgotoXY@prmColumna                 cstackBANK0  00007F
LCDgotoXY@prmFila                    cstackBANK0  00007D
PWM1_PWM2_Init@periodo               cstackBANK0  00007C
PWM1_setDC@dutycycle                 cstackBANK0  00007C
PWM2_setDC@dutycycle                 cstackBANK0  00007C
ReadDataLCD@data                     cstackBANK0  00007C
ReadKeyBoard@t_orden                 cstackBANK0  00007C
SetDDRamAddr@prmDDaddr               cstackBANK0  00007F
WriteCmdLCD@prmCMD                   cstackBANK0  00007C
WriteDataLCD@prmData                 cstackBANK0  00007C
_ADCON0                              (abs)        000FC2
_ADCON0bits                          (abs)        000FC2
_ADCON1bits                          (abs)        000FC1
_ADCON2bits                          (abs)        000FC0
_ADRESH                              (abs)        000FC4
_BusyLCD                             text29       0032D6
_CCP1CONbits                         (abs)        000FBD
_CCP2CONbits                         (abs)        000FBA
_CCPR1L                              (abs)        000FBE
_CCPR2L                              (abs)        000FBB
_ConfigServoMotor                    text67       002D74
_DataProcess                         text34       00228C
_Date                                dataBANK1    00014A
_Delay1us                            text30       0035F2
_DelayExecution                      text28       0035E8
_DelayLCD                            text32       0035CA
_DelayPORLCD                         text31       0035B8
_INTCON2bits                         (abs)        000FF1
_INTCONbits                          (abs)        000FF2
_IPR1bits                            (abs)        000F9F
_ISR_TMR0_TMR1                       intcodelo    000018
_InitKeyBoard                        text33       0035DC
_LATAbits                            (abs)        000F89
_LATB                                (abs)        000F8A
_LATCbits                            (abs)        000F8B
_LATDbits                            (abs)        000F8C
_LCDInit                             text24       003566
_LCDStart                            text25       002BEC
_LCDWrite                            text19       003522
_LCDgotoXY                           text22       002C76
_MostrarHumedad                      text42       001E32
_MostrarTemperatura                  text41       001F6E
_PIE1bits                            (abs)        000F9D
_PIR1bits                            (abs)        000F9E
_PORTB                               (abs)        000F81
_PORTBbits                           (abs)        000F81
_PORTD                               (abs)        000F83
_PORTEbits                           (abs)        000F84
_PR2                                 (abs)        000FCB
_PWM1_PWM2_Init                      text23       00344C
_PWM1_setDC                          text39       003606
_PWM2_setDC                          text38       0035FC
_RCONbits                            (abs)        000FD0
_ReadDataLCD                         text18       003244
_ReadKeyBoard                        text37       002ABC
_SSPADD                              (abs)        000FC8
_SSPBUF                              (abs)        000FC9
_SSPCON1bits                         (abs)        000FC6
_SSPCON2                             (abs)        000FC5
_SSPCON2bits                         (abs)        000FC5
_SSPSTATbits                         (abs)        000FC7
_SetDDRamAddr                        text27       002DF2
_StartOption                         text5        0030A4
_T0CONbits                           (abs)        000FD5
_T1CONbits                           (abs)        000FCD
_T2CONbits                           (abs)        000FCA
_TMR0H                               (abs)        000FD7
_TMR0L                               (abs)        000FD6
_TMR1H                               (abs)        000FCF
_TMR1L                               (abs)        000FCE
_TRISA                               (abs)        000F92
_TRISAbits                           (abs)        000F92
_TRISB                               (abs)        000F93
_TRISCbits                           (abs)        000F94
_TRISD                               (abs)        000F95
_TRISDbits                           (abs)        000F95
_TRISE                               (abs)        000F96
_TecladoHex                          dataBANK1    00015B
_Time                                dataBANK1    00016B
_WriteCmdLCD                         text26       003048
_WriteDataLCD                        text21       002A1C
__HRAM                               (abs)        000000
__Habs1                              abs1         000000
__Hbank0                             bank0        000000
__Hbank1                             bank1        000000
__Hbank2                             bank2        000000
__Hbank3                             bank3        000000
__Hbank4                             bank4        000000
__Hbank5                             bank5        000000
__Hbank6                             bank6        000000
__Hbank7                             bank7        000000
__Hbigbss                            bigbss       000000
__Hbigdata                           bigdata      000000
__Hbigram                            bigram       000000
__Hbigsfr                            bigsfr       000000
__Hbss                               bss          000000
__HbssBANK0                          bssBANK0     000000
__HbssBANK1                          bssBANK1     000000
__HbssCOMRAM                         bssCOMRAM    000000
__Hcinit                             cinit        000000
__Hclrtext                           clrtext      000000
__Hcomram                            comram       000000
__Hconfig                            config       30000E
__Hconst                             const        000000
__HcstackBANK0                       cstackBANK0  000000
__HcstackBANK1                       cstackBANK1  000000
__HcstackCOMRAM                      cstackCOMRAM 000000
__Hdata                              data         000000
__HdataBANK0                         dataBANK0    000000
__HdataBANK1                         dataBANK1    000000
__Heeprom_data                       eeprom_data  000000
__Hfarbss                            farbss       000000
__Hfardata                           fardata      000000
__Hheap                              heap         000000
__Hibigdata                          ibigdata     000000
__Hidata                             idata        000000
__HidataBANK0                        idataBANK0   000000
__HidataBANK1                        idataBANK1   000000
__Hidloc                             idloc        200008
__Hifardata                          ifardata     000000
__Hinit                              init         0000D8
__Hintcode                           intcode      000004
__Hintcode_body                      intcode_body 000000
__Hintcodelo                         intcodelo    0000D4
__Hintentry                          intentry     000000
__Hintret                            intret       000000
__Hintsave_regs                      intsave_regs 000000
__Hirdata                            irdata       000000
__Hmediumconst                       mediumconst  000000
__HnvFARRAM                          nvFARRAM     000000
__Hnvbit                             nvbit        000000
__Hnvrram                            nvrram       000000
__Hparam                             rparam       000000
__Hpowerup                           powerup      0000D4
__Hram                               ram          000000
__Hramtop                            ramtop       000800
__Hrbit                              rbit         000000
__Hrbss                              rbss         000000
__Hrdata                             rdata        000000
__Hreset_vec                         reset_vec    000004
__Hrparam                            rparam       000000
__Hsfr                               sfr          000000
__Hsmallconst                        smallconst   000898
__Hspace_0                           (abs)        003629
__Hspace_1                           (abs)        00019F
__Hspace_2                           (abs)        000000
__Hspace_4                           (abs)        60000E
__Hstack                             stack        000000
__Hstruct                            struct       000000
__Htemp                              temp         000060
__Htext                              text         000000
__Htext0                             text0        000000
__Htext1                             text1        000000
__Htext10                            text10       000000
__Htext11                            text11       000000
__Htext12                            text12       000000
__Htext13                            text13       000000
__Htext14                            text14       000000
__Htext15                            text15       000000
__Htext16                            text16       000000
__Htext17                            text17       000000
__Htext18                            text18       000000
__Htext19                            text19       000000
__Htext2                             text2        000000
__Htext20                            text20       000000
__Htext21                            text21       000000
__Htext22                            text22       000000
__Htext23                            text23       000000
__Htext24                            text24       000000
__Htext25                            text25       000000
__Htext26                            text26       000000
__Htext27                            text27       000000
__Htext28                            text28       000000
__Htext29                            text29       000000
__Htext3                             text3        000000
__Htext30                            text30       000000
__Htext31                            text31       000000
__Htext32                            text32       000000
__Htext33                            text33       000000
__Htext34                            text34       000000
__Htext35                            text35       000000
__Htext36                            text36       000000
__Htext37                            text37       000000
__Htext38                            text38       000000
__Htext39                            text39       000000
__Htext4                             text4        000000
__Htext41                            text41       000000
__Htext42                            text42       000000
__Htext43                            text43       000000
__Htext44                            text44       000000
__Htext45                            text45       000000
__Htext46                            text46       000000
__Htext47                            text47       000000
__Htext48                            text48       000000
__Htext49                            text49       000000
__Htext5                             text5        000000
__Htext50                            text50       000000
__Htext51                            text51       000000
__Htext52                            text52       000000
__Htext53                            text53       000000
__Htext54                            text54       000000
__Htext55                            text55       000000
__Htext56                            text56       000000
__Htext57                            text57       000000
__Htext58                            text58       000000
__Htext59                            text59       000000
__Htext6                             text6        000000
__Htext60                            text60       000000
__Htext61                            text61       000000
__Htext62                            text62       000000
__Htext63                            text63       000000
__Htext64                            text64       000000
__Htext65                            text65       000000
__Htext66                            text66       000000
__Htext67                            text67       000000
__Htext7                             text7        000000
__Htext8                             text8        000000
__Htext9                             text9        000000
__LRAM                               (abs)        000001
__Labs1                              abs1         000000
__Lbank0                             bank0        000000
__Lbank1                             bank1        000000
__Lbank2                             bank2        000000
__Lbank3                             bank3        000000
__Lbank4                             bank4        000000
__Lbank5                             bank5        000000
__Lbank6                             bank6        000000
__Lbank7                             bank7        000000
__Lbigbss                            bigbss       000000
__Lbigdata                           bigdata      000000
__Lbigram                            bigram       000000
__Lbigsfr                            bigsfr       000000
__Lbss                               bss          000000
__LbssBANK0                          bssBANK0     000000
__LbssBANK1                          bssBANK1     000000
__LbssCOMRAM                         bssCOMRAM    000000
__Lcinit                             cinit        000000
__Lclrtext                           clrtext      000000
__Lcomram                            comram       000000
__Lconfig                            config       000000
__Lconst                             const        000000
__LcstackBANK0                       cstackBANK0  000000
__LcstackBANK1                       cstackBANK1  000000
__LcstackCOMRAM                      cstackCOMRAM 000000
__Ldata                              data         000000
__LdataBANK0                         dataBANK0    000000
__LdataBANK1                         dataBANK1    000000
__Leeprom_data                       eeprom_data  000000
__Lfarbss                            farbss       000000
__Lfardata                           fardata      000000
__Lheap                              heap         000000
__Libigdata                          ibigdata     000000
__Lidata                             idata        000000
__LidataBANK0                        idataBANK0   000000
__LidataBANK1                        idataBANK1   000000
__Lidloc                             idloc        000000
__Lifardata                          ifardata     000000
__Linit                              init         0000D4
__Lintcode                           intcode      000004
__Lintcode_body                      intcode_body 000000
__Lintcodelo                         intcodelo    000018
__Lintentry                          intentry     000000
__Lintret                            intret       000000
__Lintsave_regs                      intsave_regs 000000
__Lirdata                            irdata       000000
__Lmediumconst                       mediumconst  000000
__LnvFARRAM                          nvFARRAM     000000
__Lnvbit                             nvbit        000000
__Lnvrram                            nvrram       000000
__Lparam                             rparam       000000
__Lpowerup                           powerup      0000D4
__Lram                               ram          000000
__Lramtop                            ramtop       000800
__Lrbit                              rbit         000000
__Lrbss                              rbss         000000
__Lrdata                             rdata        000000
__Lreset_vec                         reset_vec    000000
__Lrparam                            rparam       000000
__Lsfr                               sfr          000000
__Lsmallconst                        smallconst   000800
__Lspace_0                           (abs)        000000
__Lspace_1                           (abs)        000000
__Lspace_2                           (abs)        000000
__Lspace_4                           (abs)        000000
__Lstack                             stack        000000
__Lstruct                            struct       000000
__Ltemp                              temp         00005F
__Ltext                              text         000000
__Ltext0                             text0        000000
__Ltext1                             text1        000000
__Ltext10                            text10       000000
__Ltext11                            text11       000000
__Ltext12                            text12       000000
__Ltext13                            text13       000000
__Ltext14                            text14       000000
__Ltext15                            text15       000000
__Ltext16                            text16       000000
__Ltext17                            text17       000000
__Ltext18                            text18       000000
__Ltext19                            text19       000000
__Ltext2                             text2        000000
__Ltext20                            text20       000000
__Ltext21                            text21       000000
__Ltext22                            text22       000000
__Ltext23                            text23       000000
__Ltext24                            text24       000000
__Ltext25                            text25       000000
__Ltext26                            text26       000000
__Ltext27                            text27       000000
__Ltext28                            text28       000000
__Ltext29                            text29       000000
__Ltext3                             text3        000000
__Ltext30                            text30       000000
__Ltext31                            text31       000000
__Ltext32                            text32       000000
__Ltext33                            text33       000000
__Ltext34                            text34       000000
__Ltext35                            text35       000000
__Ltext36                            text36       000000
__Ltext37                            text37       000000
__Ltext38                            text38       000000
__Ltext39                            text39       000000
__Ltext4                             text4        000000
__Ltext41                            text41       000000
__Ltext42                            text42       000000
__Ltext43                            text43       000000
__Ltext44                            text44       000000
__Ltext45                            text45       000000
__Ltext46                            text46       000000
__Ltext47                            text47       000000
__Ltext48                            text48       000000
__Ltext49                            text49       000000
__Ltext5                             text5        000000
__Ltext50                            text50       000000
__Ltext51                            text51       000000
__Ltext52                            text52       000000
__Ltext53                            text53       000000
__Ltext54                            text54       000000
__Ltext55                            text55       000000
__Ltext56                            text56       000000
__Ltext57                            text57       000000
__Ltext58                            text58       000000
__Ltext59                            text59       000000
__Ltext6                             text6        000000
__Ltext60                            text60       000000
__Ltext61                            text61       000000
__Ltext62                            text62       000000
__Ltext63                            text63       000000
__Ltext64                            text64       000000
__Ltext65                            text65       000000
__Ltext66                            text66       000000
__Ltext67                            text67       000000
__Ltext7                             text7        000000
__Ltext8                             text8        000000
__Ltext9                             text9        000000
__S0                                 (abs)        003629
__S1                                 (abs)        00019F
__S4                                 (abs)        000000
__S5                                 (abs)        000000
___fldiv                             text66       0011B2
___fldiv@a                           cstackCOMRAM 00002E
___fldiv@aexp                        cstackCOMRAM 000042
___fldiv@b                           cstackCOMRAM 00002A
___fldiv@bexp                        cstackCOMRAM 000041
___fldiv@grs                         cstackCOMRAM 00003D
___fldiv@new_exp                     cstackCOMRAM 00003B
___fldiv@rem                         cstackCOMRAM 000036
___fldiv@sign                        cstackCOMRAM 00003A
___flmul                             text65       000D88
___flmul@a                           cstackCOMRAM 000015
___flmul@aexp                        cstackCOMRAM 000022
___flmul@b                           cstackCOMRAM 000011
___flmul@bexp                        cstackCOMRAM 000023
___flmul@grs                         cstackCOMRAM 00001E
___flmul@prod                        cstackCOMRAM 000024
___flmul@sign                        cstackCOMRAM 00001D
___flmul@temp                        cstackCOMRAM 000028
___fltol                             text64       002094
___fltol@exp1                        cstackCOMRAM 00004C
___fltol@f1                          cstackCOMRAM 000043
___fltol@sign1                       cstackCOMRAM 00004B
___heap_hi                           (abs)        000000
___heap_lo                           (abs)        000000
___inthi_sp                          stack        000000
___intlo_sp                          stack        000000
___lodiv                             text17       00219A
___lodiv@counter                     cstackBANK0  000094
___lodiv@dividend                    cstackBANK0  00007C
___lodiv@divisor                     cstackBANK0  000084
___lodiv@quotient                    cstackBANK0  00008C
___lomod                             text16       002554
___lomod@counter                     cstackBANK0  00008C
___lomod@dividend                    cstackBANK0  00007C
___lomod@divisor                     cstackBANK0  000084
___param_bank                        (abs)        000000
___rparam_used                       (abs)        000001
___sp                                stack        000000
___xxtofl                            text63       001956
___xxtofl@arg                        cstackCOMRAM 00000D
___xxtofl@exp                        cstackCOMRAM 00000C
___xxtofl@sign                       cstackCOMRAM 00000B
___xxtofl@val                        cstackCOMRAM 000003
__accesstop                          (abs)        000060
__activetblptr                       (abs)        000002
__end_of_BusyLCD                     text29       00331C
__end_of_ConfigServoMotor            text67       002DF2
__end_of_DataProcess                 text34       00237E
__end_of_Delay1us                    text30       0035FC
__end_of_DelayExecution              text28       0035F2
__end_of_DelayLCD                    text32       0035DC
__end_of_DelayPORLCD                 text31       0035CA
__end_of_ISR_TMR0_TMR1               intcodelo    0000D4
__end_of_InitKeyBoard                text33       0035E8
__end_of_LCDInit                     text24       003584
__end_of_LCDStart                    text25       002C76
__end_of_LCDWrite                    text19       003544
__end_of_LCDgotoXY                   text22       002CF6
__end_of_MostrarHumedad              text42       001F6E
__end_of_MostrarTemperatura          text41       002094
__end_of_PWM1_PWM2_Init              text23       00347C
__end_of_PWM1_setDC                  text39       003610
__end_of_PWM2_setDC                  text38       003606
__end_of_ReadDataLCD                 text18       00328E
__end_of_ReadKeyBoard                text37       002B54
__end_of_SetDDRamAddr                text27       002E6A
__end_of_StartOption                 text5        0030FE
__end_of_WriteCmdLCD                 text26       0030A4
__end_of_WriteDataLCD                text21       002ABC
__end_of___fldiv                     text66       00154C
__end_of___flmul                     text65       0011B2
__end_of___fltol                     text64       00219A
__end_of___lodiv                     text17       00228C
__end_of___lomod                     text16       002626
__end_of___xxtofl                    text63       001B0A
__end_of__initialization             cinit        00303A
__end_of_adc_read                    text36       0034AA
__end_of_config_TMR0                 text4        0035B8
__end_of_config_TMR1                 text3        00359E
__end_of_ejecutaComandoPresionado    text6        000D88
__end_of_fputc                       text14       0027C2
__end_of_fputs                       text13       0032D6
__end_of_inicializa_ADC              text2        003522
__end_of_main                        text0        002554
__end_of_msDelay                     text1        003244
__end_of_pad                         text11       00288C
__end_of_putch                       text15       003626
__end_of_putrsLCD                    text20       002F8E
__end_of_sprintf                     text7        0031A6
__end_of_strlen                      text12       0033E0
__end_of_teclado_deje_de_pulsar      text35       0034D4
__end_of_utoa                        text10       001752
__end_of_vfpfcnvrt                   text9        001CA0
__end_of_vfprintf                    text8        002ECC
__end_ofi1_BusyLCD                   text61       003362
__end_ofi1_Delay1us                  text62       003624
__end_ofi1_DelayExecution            text60       00361A
__end_ofi1_LCDWrite                  text55       003566
__end_ofi1_LCDgotoXY                 text58       002D74
__end_ofi1_WriteCmdLCD               text59       003154
__end_ofi1_WriteDataLCD              text57       002BEC
__end_ofi1___lodiv                   text53       00246E
__end_ofi1___lomod                   text52       0026F6
__end_ofi1_adc_read                  text54       0034FE
__end_ofi1_fputc                     text50       002956
__end_ofi1_fputs                     text49       0033A6
__end_ofi1_pad                       text47       002A1C
__end_ofi1_putch                     text51       003628
__end_ofi1_putrsLCD                  text56       002FEC
__end_ofi1_sprintf                   text43       0031F8
__end_ofi1_strlen                    text48       003416
__end_ofi1_utoa                      text46       001956
__end_ofi1_vfpfcnvrt                 text45       001E32
__end_ofi1_vfprintf                  text44       002F2E
__initialization                     cinit        002FEC
__mediumconst                        mediumconst  000000
__pbssBANK0                          bssBANK0     0000CD
__pbssBANK1                          bssBANK1     000100
__pbssCOMRAM                         bssCOMRAM    00005D
__pcinit                             cinit        002FEC
__pcstackBANK0                       cstackBANK0  000060
__pcstackBANK1                       cstackBANK1  00017F
__pcstackCOMRAM                      cstackCOMRAM 000001
__pdataBANK0                         dataBANK0    0000E2
__pdataBANK1                         dataBANK1    00014A
__pidataBANK0                        idataBANK0   003628
__pidataBANK1                        idataBANK1   003416
__pintcodelo                         intcodelo    000018
__psmallconst                        smallconst   000800
__ptext0                             text0        00246E
__ptext1                             text1        0031F8
__ptext10                            text10       00154C
__ptext11                            text11       0027C2
__ptext12                            text12       0033A6
__ptext13                            text13       00328E
__ptext14                            text14       0026F6
__ptext15                            text15       003624
__ptext16                            text16       002554
__ptext17                            text17       00219A
__ptext18                            text18       003244
__ptext19                            text19       003522
__ptext2                             text2        0034FE
__ptext20                            text20       002F2E
__ptext21                            text21       002A1C
__ptext22                            text22       002C76
__ptext23                            text23       00344C
__ptext24                            text24       003566
__ptext25                            text25       002BEC
__ptext26                            text26       003048
__ptext27                            text27       002DF2
__ptext28                            text28       0035E8
__ptext29                            text29       0032D6
__ptext3                             text3        003584
__ptext30                            text30       0035F2
__ptext31                            text31       0035B8
__ptext32                            text32       0035CA
__ptext33                            text33       0035DC
__ptext34                            text34       00228C
__ptext35                            text35       0034AA
__ptext36                            text36       00347C
__ptext37                            text37       002ABC
__ptext38                            text38       0035FC
__ptext39                            text39       003606
__ptext4                             text4        00359E
__ptext41                            text41       001F6E
__ptext42                            text42       001E32
__ptext43                            text43       0031A6
__ptext44                            text44       002ECC
__ptext45                            text45       001CA0
__ptext46                            text46       001752
__ptext47                            text47       002956
__ptext48                            text48       0033E0
__ptext49                            text49       003362
__ptext5                             text5        0030A4
__ptext50                            text50       00288C
__ptext51                            text51       003626
__ptext52                            text52       002626
__ptext53                            text53       00237E
__ptext54                            text54       0034D4
__ptext55                            text55       003544
__ptext56                            text56       002F8E
__ptext57                            text57       002B54
__ptext58                            text58       002CF6
__ptext59                            text59       0030FE
__ptext6                             text6        000898
__ptext60                            text60       003610
__ptext61                            text61       00331C
__ptext62                            text62       00361A
__ptext63                            text63       001956
__ptext64                            text64       002094
__ptext65                            text65       000D88
__ptext66                            text66       0011B2
__ptext67                            text67       002D74
__ptext7                             text7        003154
__ptext8                             text8        002E6A
__ptext9                             text9        001B0A
__ramtop                             ramtop       000800
__smallconst                         smallconst   000800
_adc_read                            text36       00347C
_atrCaracter                         bssBANK1     000101
_atrHisteresis1                      dataBANK1    00017C
_atrHisteresis2                      dataBANK1    00017A
_atrHisteresisMax                    bssBANK0     0000DC
_atrHisteresisMin                    bssBANK0     0000DD
_atrPosicionX                        dataBANK0    0000E2
_atrPosicionY                        dataBANK1    00017E
_atrSetPoint1                        dataBANK1    00017D
_atrSetPoint2                        dataBANK1    00017B
_atrStart                            bssBANK1     000100
_atrVarMax                           bssBANK0     0000E1
_atrVarMin                           bssBANK0     0000E0
_atrVarPorceso1                      bssBANK0     0000DB
_atrVarPorceso2                      bssBANK0     0000DA
_config_TMR0                         text4        00359E
_config_TMR1                         text3        003584
_day                                 bssBANK0     0000D6
_dbuf                                bssBANK1     00012A
_ejecutaComandoPresionado            text6        000898
_flags                               bssBANK0     0000D3
_fputc                               text14       0026F6
_fputs                               text13       00328E
_hours                               bssCOMRAM    00005E
_i                                   bssBANK0     0000D5
_inicializa_ADC                      text2        0034FE
_intL                                bssBANK0     0000DE
_intV                                bssBANK0     0000DF
_main                                text0        00246E
_minutes                             bssCOMRAM    00005D
_month                               bssBANK0     0000D7
_msDelay                             text1        0031F8
_nout                                bssBANK0     0000CD
_pad                                 text11       0027C2
_prec                                bssBANK0     0000D1
_putch                               text15       003624
_putrsLCD                            text20       002F2E
_seconds                             bssBANK0     0000D9
_sprintf                             text7        003154
_string_cont1                        bssBANK1     000102
_strlen                              text12       0033A6
_teclado_deje_de_pulsar              text35       0034AA
_utoa                                text10       00154C
_vfpfcnvrt                           text9        001B0A
_vfprintf                            text8        002E6A
_width                               bssBANK0     0000CF
_year                                bssBANK0     0000D8
adc_read@chx                         cstackBANK0  00007D
btemp                                temp         00005F
ejecutaComandoPresionado@prmComando  cstackBANK1  000198
ejecutaComandoPresionado@string_cont cstackBANK1  000199
end_of_initialization                cinit        00303A
fputc@c                              cstackBANK0  00007C
fputc@fp                             cstackBANK0  00007E
fputs@c                              cstackBANK0  000089
fputs@fp                             cstackBANK0  000087
fputs@i                              cstackBANK0  00008A
fputs@s                              cstackBANK0  000085
i1LCDWrite@prmBuffer                 cstackCOMRAM 00000C
i1LCDWrite@prmColumna                cstackCOMRAM 00000A
i1LCDWrite@prmFila                   cstackCOMRAM 000008
i1LCDgotoXY@prmColumna               cstackCOMRAM 000004
i1LCDgotoXY@prmFila                  cstackCOMRAM 000002
i1WriteCmdLCD@prmCMD                 cstackCOMRAM 000001
i1WriteDataLCD@prmData               cstackCOMRAM 000001
i1_BusyLCD                           text61       00331C
i1_Delay1us                          text62       00361A
i1_DelayExecution                    text60       003610
i1_LCDWrite                          text55       003544
i1_LCDgotoXY                         text58       002CF6
i1_WriteCmdLCD                       text59       0030FE
i1_WriteDataLCD                      text57       002B54
i1___lodiv                           text53       00237E
i1___lodiv@counter                   cstackCOMRAM 000019
i1___lodiv@dividend                  cstackCOMRAM 000001
i1___lodiv@divisor                   cstackCOMRAM 000009
i1___lodiv@quotient                  cstackCOMRAM 000011
i1___lomod                           text52       002626
i1___lomod@counter                   cstackCOMRAM 000011
i1___lomod@dividend                  cstackCOMRAM 000001
i1___lomod@divisor                   cstackCOMRAM 000009
i1_adc_read                          text54       0034D4
i1_fputc                             text50       00288C
i1_fputs                             text49       003362
i1_pad                               text47       002956
i1_putch                             text51       003626
i1_putrsLCD                          text56       002F8E
i1_sprintf                           text43       0031A6
i1_strlen                            text48       0033E0
i1_utoa                              text46       001752
i1_vfpfcnvrt                         text45       001CA0
i1_vfprintf                          text44       002ECC
i1adc_read@chx                       cstackCOMRAM 000002
i1fputc@c                            cstackCOMRAM 000001
i1fputc@fp                           cstackCOMRAM 000003
i1fputs@c                            cstackCOMRAM 00000E
i1fputs@fp                           cstackCOMRAM 00000C
i1fputs@i                            cstackCOMRAM 00000F
i1fputs@s                            cstackCOMRAM 00000A
i1pad@buf                            cstackCOMRAM 000013
i1pad@fp                             cstackCOMRAM 000011
i1pad@i                              cstackCOMRAM 000018
i1pad@p                              cstackCOMRAM 000015
i1pad@w                              cstackCOMRAM 00001A
i1putrsLCD@prmBuffer                 cstackCOMRAM 000002
i1sprintf@ap                         cstackBANK0  000060
i1sprintf@f                          cstackBANK0  000062
i1sprintf@fmt                        cstackCOMRAM 000058
i1sprintf@s                          cstackCOMRAM 000056
i1strlen@a                           cstackCOMRAM 000003
i1strlen@s                           cstackCOMRAM 000001
i1utoa@d                             cstackCOMRAM 00001E
i1utoa@fp                            cstackCOMRAM 00001C
i1utoa@i                             cstackCOMRAM 00003A
i1utoa@n                             cstackCOMRAM 000032
i1utoa@p                             cstackCOMRAM 00002E
i1utoa@w                             cstackCOMRAM 000030
i1vfpfcnvrt@ap                       cstackCOMRAM 000040
i1vfpfcnvrt@fmt                      cstackCOMRAM 00003E
i1vfpfcnvrt@fp                       cstackCOMRAM 00003C
i1vfpfcnvrt@llu                      cstackCOMRAM 000046
i1vfprintf@ap                        cstackCOMRAM 000052
i1vfprintf@cfmt                      cstackCOMRAM 000054
i1vfprintf@fmt                       cstackCOMRAM 000050
i1vfprintf@fp                        cstackCOMRAM 00004E
int$flags                            temp         00005F
intlevel0                            text         000000
intlevel1                            text         000000
intlevel2                            text         000000
intlevel3                            text         000000
isa$std                              (abs)        000001
isa$xinst                            (abs)        000000
msDelay@i                            cstackBANK0  00007E
msDelay@j                            cstackBANK0  000080
msDelay@val                          cstackBANK0  00007C
pad@buf                              cstackBANK0  00008E
pad@fp                               cstackBANK0  00008C
pad@i                                cstackBANK0  000093
pad@p                                cstackBANK0  000090
pad@w                                cstackBANK0  000095
putrsLCD@prmBuffer                   cstackBANK0  00007D
sprintf@ap                           cstackBANK1  00018B
sprintf@f                            cstackBANK1  00018D
sprintf@fmt                          cstackBANK1  000187
sprintf@s                            cstackBANK1  000185
stackhi                              (abs)        000000
stacklo                              (abs)        000000
start                                init         0000D4
start_initialization                 cinit        002FEC
strlen@a                             cstackBANK0  00007E
strlen@s                             cstackBANK0  00007C
ttemp5                               temp         000060
ttemp6                               temp         000063
ttemp7                               temp         000067
utoa@d                               cstackBANK0  000099
utoa@fp                              cstackBANK0  000097
utoa@i                               cstackBANK0  0000B5
utoa@n                               cstackBANK0  0000AD
utoa@p                               cstackBANK0  0000A9
utoa@w                               cstackBANK0  0000AB
vfpfcnvrt@ap                         cstackBANK0  0000BB
vfpfcnvrt@fmt                        cstackBANK0  0000B9
vfpfcnvrt@fp                         cstackBANK0  0000B7
vfpfcnvrt@llu                        cstackBANK0  0000C1
vfprintf@ap                          cstackBANK1  000183
vfprintf@cfmt                        cstackBANK0  0000C9
vfprintf@fmt                         cstackBANK1  000181
vfprintf@fp                          cstackBANK1  00017F
wtemp8                               temp         000060


MODULE INFORMATION

Module		Function		Class		Link	Load	Size
C:\Program Files\Microchip\xc8\v2.36\pic\sources\c99\common\putch.c
		_putch         		CODE           	3624	0000	2

C:\Program Files\Microchip\xc8\v2.36\pic\sources\c99\common\putch.c estimated size: 2

C:\Program Files\Microchip\xc8\v2.36\pic\sources\c99\common\lomod.c
		___lomod       		CODE           	2554	0000	210

C:\Program Files\Microchip\xc8\v2.36\pic\sources\c99\common\lomod.c estimated size: 210

C:\Program Files\Microchip\xc8\v2.36\pic\sources\c99\common\nf_fputs.c
		_fputs         		CODE           	328E	0000	72

C:\Program Files\Microchip\xc8\v2.36\pic\sources\c99\common\nf_fputs.c estimated size: 72

C:\Program Files\Microchip\xc8\v2.36\pic\sources\c99\common\sprcmul.c
		___flmul       		CODE           	0D88	0000	1066

C:\Program Files\Microchip\xc8\v2.36\pic\sources\c99\common\sprcmul.c estimated size: 1066

LCD20x4Lib.c
		_DelayLCD      		CODE           	35CA	0000	18
		_Delay1us      		CODE           	35F2	0000	10
		_LCDStart      		CODE           	2BEC	0000	138
		_LCDWrite      		CODE           	3522	0000	34
		_DelayExecution		CODE           	35E8	0000	10
		_LCDInit       		CODE           	3566	0000	30
		_WriteCmdLCD   		CODE           	3048	0000	92
		_LCDgotoXY     		CODE           	2C76	0000	128
		_WriteDataLCD  		CODE           	2A1C	0000	160
		_BusyLCD       		CODE           	32D6	0000	70
		_putrsLCD      		CODE           	2F2E	0000	96
		_DelayPORLCD   		CODE           	35B8	0000	18
		_SetDDRamAddr  		CODE           	2DF2	0000	120
		_ReadDataLCD   		CODE           	3244	0000	74

LCD20x4Lib.c estimated size: 998

C:\Program Files\Microchip\xc8\v2.36\pic\sources\c99\common\sprcdiv.c
		___fldiv       		CODE           	11B2	0000	922

C:\Program Files\Microchip\xc8\v2.36\pic\sources\c99\common\sprcdiv.c estimated size: 922

C:\Program Files\Microchip\xc8\v2.36\pic\sources\c99\common\nf_sprintf.c
		_sprintf       		CODE           	3154	0000	82

C:\Program Files\Microchip\xc8\v2.36\pic\sources\c99\common\nf_sprintf.c estimated size: 82

ADCLib.c
		_PWM1_PWM2_Init		CODE           	344C	0000	48
		_inicializa_ADC		CODE           	34FE	0000	36
		_PWM1_setDC    		CODE           	3606	0000	10
		_adc_read      		CODE           	347C	0000	46
		_PWM2_setDC    		CODE           	35FC	0000	10
		_config_TMR0   		CODE           	359E	0000	26
		_config_TMR1   		CODE           	3584	0000	26

ADCLib.c estimated size: 202

KeyBoardLib.c
		_InitKeyBoard  		CODE           	35DC	0000	12
		_teclado_deje_de_pulsar		CODE           	34AA	0000	42
		_ReadKeyBoard  		CODE           	2ABC	0000	152

KeyBoardLib.c estimated size: 206

C:\Program Files\Microchip\xc8\v2.36\pic\sources\c99\common\xxtofl.c
		___xxtofl      		CODE           	1956	0000	436

C:\Program Files\Microchip\xc8\v2.36\pic\sources\c99\common\xxtofl.c estimated size: 436

C:\Program Files\Microchip\xc8\v2.36\pic\sources\c99\common\strlen.c
		_strlen        		CODE           	33A6	0000	58

C:\Program Files\Microchip\xc8\v2.36\pic\sources\c99\common\strlen.c estimated size: 58

C:\Program Files\Microchip\xc8\v2.36\pic\sources\c99\common\lodiv.c
		___lodiv       		CODE           	219A	0000	242

C:\Program Files\Microchip\xc8\v2.36\pic\sources\c99\common\lodiv.c estimated size: 242

C:\Program Files\Microchip\xc8\v2.36\pic\sources\c99\common\nf_fputc.c
		_fputc         		CODE           	26F6	0000	204

C:\Program Files\Microchip\xc8\v2.36\pic\sources\c99\common\nf_fputc.c estimated size: 204

Functions.c
		_MostrarTemperatura		CODE           	1F6E	0000	294
		_ConfigServoMotor		CODE           	2D74	0000	126
		_msDelay       		CODE           	31F8	0000	76
		_DataProcess   		CODE           	228C	0000	242
		_StartOption   		CODE           	30A4	0000	90
		_ejecutaComandoPresionado		CODE           	0898	0000	1264
		_MostrarHumedad		CODE           	1E32	0000	316

Functions.c estimated size: 2408

C:\Program Files\Microchip\xc8\v2.36\pic\sources\c99\common\doprnt.c
		_vfpfcnvrt     		CODE           	1B0A	0000	406
		_pad           		CODE           	27C2	0000	202
		_vfprintf      		CODE           	2E6A	0000	98
		_utoa          		CODE           	154C	0000	518

C:\Program Files\Microchip\xc8\v2.36\pic\sources\c99\common\doprnt.c estimated size: 1224

C:\Program Files\Microchip\xc8\v2.36\pic\sources\c99\common\fltol.c
		___fltol       		CODE           	2094	0000	262

C:\Program Files\Microchip\xc8\v2.36\pic\sources\c99\common\fltol.c estimated size: 262

shared
		i1_vfpfcnvrt   		CODE           	1CA0	0000	402
		i1_pad         		CODE           	2956	0000	198
		i1_putch       		CODE           	3626	0000	2
		i1_utoa        		CODE           	1752	0000	516
		i1_LCDgotoXY   		CODE           	2CF6	0000	126
		i1_vfprintf    		CODE           	2ECC	0000	98
		i1_BusyLCD     		CODE           	331C	0000	70
		__initialization		CODE           	2FEC	0000	78
		i1_Delay1us    		CODE           	361A	0000	10
		i1___lodiv     		CODE           	237E	0000	240
		i1_adc_read    		CODE           	34D4	0000	42
		i1_DelayExecution		CODE           	3610	0000	10
		i1_sprintf     		CODE           	31A6	0000	82
		i1___lomod     		CODE           	2626	0000	208
		i1_WriteCmdLCD 		CODE           	30FE	0000	86
		i1_LCDWrite    		CODE           	3544	0000	34
		i1_fputc       		CODE           	288C	0000	202
		i1_fputs       		CODE           	3362	0000	68
		i1_strlen      		CODE           	33E0	0000	54
		i1_putrsLCD    		CODE           	2F8E	0000	94
		i1_WriteDataLCD		CODE           	2B54	0000	152

shared estimated size: 2772

main.c
		_main          		CODE           	246E	0000	230
		_ISR_TMR0_TMR1 		CODE           	0018	0000	188

main.c estimated size: 418

